
> sri-tulasi-nivas-frontend@1.0.0 start
> react-scripts start

(node:29620) [DEP0176] DeprecationWarning: fs.F_OK is deprecated, use fs.constants.F_OK instead
(Use `node --trace-deprecation ...` to show where the warning was created)
(node:29620) [DEP_WEBPACK_DEV_SERVER_ON_AFTER_SETUP_MIDDLEWARE] DeprecationWarning: 'onAfterSetupMiddleware' option is deprecated. Please use the 'setupMiddlewares' option.
(node:29620) [DEP_WEBPACK_DEV_SERVER_ON_BEFORE_SETUP_MIDDLEWARE] DeprecationWarning: 'onBeforeSetupMiddleware' option is deprecated. Please use the 'setupMiddlewares' option.
Starting the development server...

Compiled with warnings.

[eslint] 
src\pages\FundsPage.jsx
  Line 9:9:  'isAdmin' is assigned a value but never used  no-unused-vars

src\pages\MaintenancePage.jsx
  Line 26:9:  'isAdmin' is assigned a value but never used  no-unused-vars

Search for the keywords to learn more about each warning.
To ignore, add // eslint-disable-next-line to the line before.

[1m[33mWARNING[39m[22m in [1m[eslint] 
src\pages\FundsPage.jsx
  Line 9:9:  'isAdmin' is assigned a value but never used  no-unused-vars

src\pages\MaintenancePage.jsx
  Line 26:9:  'isAdmin' is assigned a value but never used  no-unused-vars

[39m[22m

webpack compiled with [1m[33m1 warning[39m[22m
(node:29620) [DEP0060] DeprecationWarning: The `util._extend` API is deprecated. Please use Object.assign() instead.
