[INFO] Scanning for projects...
[INFO] 
[INFO] -----------< com.sritulasinivas:apartment-management-system >-----------
[INFO] Building Sri Tulasi Nivas - Apartment Management System 1.0.0
[INFO]   from pom.xml
[INFO] --------------------------------[ jar ]---------------------------------
[INFO] 
[INFO] >>> spring-boot-maven-plugin:3.2.2:run (default-cli) > test-compile @ apartment-management-system >>>
[INFO] 
[INFO] --- maven-resources-plugin:3.3.1:resources (default-resources) @ apartment-management-system ---
[INFO] Copying 2 resources from src\main\resources to target\classes
[INFO] Copying 0 resource from src\main\resources to target\classes
[INFO] 
[INFO] --- maven-compiler-plugin:3.11.0:compile (default-compile) @ apartment-management-system ---
[INFO] Changes detected - recompiling the module! :source
[INFO] Compiling 68 source files with javac [debug release 17] to target\classes
[WARNING] /E:/AITesterBluePrint/SriTulasiNivas/Sri-Tulasi-Nivas-00/backend/src/main/java/com/sritulasinivas/config/SecurityConfiguration.java:[47,13] and() in org.springframework.security.config.annotation.SecurityConfigurerAdapter has been deprecated and marked for removal
[INFO] /E:/AITesterBluePrint/SriTulasiNivas/Sri-Tulasi-Nivas-00/backend/src/main/java/com/sritulasinivas/security/JwtTokenProvider.java: E:\AITesterBluePrint\SriTulasiNivas\Sri-Tulasi-Nivas-00\backend\src\main\java\com\sritulasinivas\security\JwtTokenProvider.java uses or overrides a deprecated API.
[INFO] /E:/AITesterBluePrint/SriTulasiNivas/Sri-Tulasi-Nivas-00/backend/src/main/java/com/sritulasinivas/security/JwtTokenProvider.java: Recompile with -Xlint:deprecation for details.
[INFO] 
[INFO] --- maven-resources-plugin:3.3.1:testResources (default-testResources) @ apartment-management-system ---
[INFO] skip non existing resourceDirectory E:\AITesterBluePrint\SriTulasiNivas\Sri-Tulasi-Nivas-00\backend\src\test\resources
[INFO] 
[INFO] --- maven-compiler-plugin:3.11.0:testCompile (default-testCompile) @ apartment-management-system ---
[INFO] No sources to compile
[INFO] 
[INFO] <<< spring-boot-maven-plugin:3.2.2:run (default-cli) < test-compile @ apartment-management-system <<<
[INFO] 
[INFO] 
[INFO] --- spring-boot-maven-plugin:3.2.2:run (default-cli) @ apartment-management-system ---
[INFO] Attaching agents: []

  .   ____          _            __ _ _
 /\\ / ___'_ __ _ _(_)_ __  __ _ \ \ \ \
( ( )\___ | '_ | '_| | '_ \/ _` | \ \ \ \
 \\/  ___)| |_)| | | | | || (_| |  ) ) ) )
  '  |____| .__|_| |_|_| |_\__, | / / / /
 =========|_|==============|___/=/_/_/_/
 :: Spring Boot ::                (v3.2.2)

2026-05-24 22:25:54 - Starting SriTulasiNivasApplication using Java 17.0.12 with PID 34080 (E:\AITesterBluePrint\SriTulasiNivas\Sri-Tulasi-Nivas-00\backend\target\classes started by nagar in E:\AITesterBluePrint\SriTulasiNivas\Sri-Tulasi-Nivas-00\backend)
2026-05-24 22:25:54 - Running with Spring Boot v3.2.2, Spring v6.1.3
2026-05-24 22:25:54 - The following 1 profile is active: "local"
2026-05-24 22:25:55 - Bootstrapping Spring Data JPA repositories in DEFAULT mode.
2026-05-24 22:25:55 - Finished Spring Data repository scanning in 239 ms. Found 17 JPA repository interfaces.
2026-05-24 22:25:56 - Tomcat initialized with port 8080 (http)
2026-05-24 22:25:56 - Starting service [Tomcat]
2026-05-24 22:25:56 - Starting Servlet engine: [Apache Tomcat/10.1.18]
2026-05-24 22:25:57 - Initializing Spring embedded WebApplicationContext
2026-05-24 22:25:57 - Root WebApplicationContext: initialization completed in 2149 ms
2026-05-24 22:25:57 - HikariPool-1 - Starting...
2026-05-24 22:25:57 - HikariPool-1 - Added connection conn0: url=jdbc:h2:mem:sri_tulasi_nivas user=SA
2026-05-24 22:25:57 - HikariPool-1 - Start completed.
2026-05-24 22:25:57 - H2 console available at '/h2-console'. Database available at 'jdbc:h2:mem:sri_tulasi_nivas'
2026-05-24 22:25:57 - HHH000204: Processing PersistenceUnitInfo [name: default]
2026-05-24 22:25:57 - HHH000412: Hibernate ORM core version 6.4.1.Final
2026-05-24 22:25:57 - HHH000026: Second-level cache disabled
2026-05-24 22:25:57 - No LoadTimeWeaver setup: ignoring JPA class transformer
2026-05-24 22:25:58 - HHH90000025: H2Dialect does not need to be specified explicitly using 'hibernate.dialect' (remove the property setting and it will be selected by default)
2026-05-24 22:25:59 - HHH000489: No JTA platform available (set 'hibernate.transaction.jta.platform' to enable JTA platform integration)
Hibernate: 
    create table apartments (
        id bigint generated by default as identity,
        amenities TEXT,
        area numeric(38,2) not null,
        bathrooms integer not null,
        bedrooms integer not null,
        created_at timestamp(6) not null,
        description TEXT,
        floor integer not null,
        maintenance_fee numeric(38,2) not null,
        status varchar(255) check (status in ('AVAILABLE','OCCUPIED','MAINTENANCE','UNAVAILABLE')),
        unit_number varchar(255) not null,
        updated_at timestamp(6) not null,
        owner_id bigint not null,
        primary key (id)
    )
Hibernate: 
    create table committee_members (
        id uuid not null,
        created_at timestamp(6),
        email varchar(255),
        flat_no varchar(255),
        is_active boolean,
        name varchar(255) not null,
        notes TEXT,
        phone varchar(255),
        role varchar(255) not null,
        term_duration varchar(255),
        term_end date not null,
        term_start date not null,
        updated_at timestamp(6),
        primary key (id)
    )
Hibernate: 
    create table contacts (
        id uuid not null,
        alternate_phone varchar(255),
        available_hours varchar(255),
        block varchar(255),
        email varchar(255),
        is_active boolean,
        name varchar(255) not null,
        notes TEXT,
        phone varchar(255) not null,
        role varchar(255) not null,
        updated_at timestamp(6),
        primary key (id)
    )
Hibernate: 
    create table event_contributions (
        id bigint generated by default as identity,
        amount numeric(38,2) not null,
        contributed_at timestamp(6) not null,
        payment_intent_id varchar(255),
        status varchar(255) not null,
        event_id bigint not null,
        user_id bigint not null,
        primary key (id)
    )
Hibernate: 
    create table event_rsvps (
        id bigint generated by default as identity,
        created_at timestamp(6),
        rsvp_status varchar(255) not null check (rsvp_status in ('INTERESTED','NOT_INTERESTED','NOT_AVAILABLE','OTHER_PLANS')),
        updated_at timestamp(6),
        event_id bigint not null,
        user_id bigint not null,
        primary key (id)
    )
Hibernate: 
    create table events (
        id bigint generated by default as identity,
        created_at timestamp(6) not null,
        description TEXT,
        estimated_budget numeric(38,2) not null,
        event_date timestamp(6) not null,
        festival_link varchar(500),
        initiated_by varchar(255),
        location varchar(255) not null,
        status varchar(255) check (status in ('PLANNED','ONGOING','COMPLETED','CANCELLED')),
        title varchar(255) not null,
        updated_at timestamp(6) not null,
        primary key (id)
    )
Hibernate: 
    create table flat_details (
        id uuid not null,
        created_at timestamp(6),
        flat_no varchar(255) not null,
        is_occupied boolean,
        notes TEXT,
        occupant_type varchar(255),
        owner_email varchar(255),
        owner_name varchar(255) not null,
        owner_phone varchar(255),
        tenant_email varchar(255),
        tenant_name varchar(255),
        tenant_phone varchar(255),
        updated_at timestamp(6),
        primary key (id)
    )
Hibernate: 
    create table funds (
        id uuid not null,
        amount numeric(38,2) not null,
        approved_by varchar(255),
        category varchar(255) not null,
        created_at timestamp(6),
        date date not null,
        description TEXT,
        receipt_no varchar(255),
        received_from varchar(255),
        sub_category varchar(255),
        type varchar(255) not null,
        primary key (id)
    )
Hibernate: 
    create table issues (
        id uuid not null,
        assigned_to varchar(255),
        category varchar(255) not null,
        created_at timestamp(6),
        description TEXT not null,
        flat_no varchar(255) not null,
        priority varchar(255),
        reported_by varchar(255),
        resolution_notes TEXT,
        resolved_at timestamp(6),
        status varchar(255),
        updated_at timestamp(6),
        primary key (id)
    )
Hibernate: 
    create table loan_repayments (
        id uuid not null,
        amount numeric(38,2) not null,
        created_at timestamp(6),
        interest_portion numeric(38,2) not null,
        loan_id uuid not null,
        notes TEXT,
        outstanding_after numeric(38,2),
        principal_portion numeric(38,2) not null,
        repayment_date date not null,
        primary key (id)
    )
Hibernate: 
    create table maintenance (
        id uuid not null,
        amount numeric(38,2) not null,
        created_at timestamp(6),
        flat_no varchar(255) not null,
        month varchar(255) not null,
        notes TEXT,
        paid_date date,
        paid_status varchar(255),
        payment_mode varchar(255),
        receipt_no varchar(255),
        resident_name varchar(255),
        updated_at timestamp(6),
        year integer not null,
        primary key (id)
    )
Hibernate: 
    create table maintenance_settings (
        id uuid not null,
        amount numeric(38,2) not null,
        created_at timestamp(6),
        decided_by varchar(255),
        decided_date date,
        month varchar(255) not null,
        notes TEXT,
        updated_at timestamp(6),
        year integer not null,
        primary key (id)
    )
Hibernate: 
    create table meetings (
        id uuid not null,
        action_items TEXT,
        action_owners TEXT,
        agenda_points TEXT,
        attendees integer not null,
        created_at timestamp(6),
        date date not null,
        immediate_notify boolean not null,
        mom_points TEXT,
        notification_sent boolean default false,
        notify_type varchar(255),
        recipients TEXT,
        reminder_option varchar(255),
        reminder_sent boolean default false,
        status varchar(255),
        time varchar(255),
        title varchar(255) not null,
        venue varchar(255),
        primary key (id)
    )
Hibernate: 
    create table member_loans (
        id uuid not null,
        created_at timestamp(6),
        duration_months integer not null,
        expected_return_date date,
        flat_no varchar(255) not null,
        interest_rate numeric(38,2) not null,
        member_name varchar(255) not null,
        notes TEXT,
        outstanding_principal numeric(38,2) not null,
        principal_amount numeric(38,2) not null,
        start_date date not null,
        status varchar(255),
        total_interest_paid numeric(38,2),
        total_principal_paid numeric(38,2),
        updated_at timestamp(6),
        primary key (id)
    )
Hibernate: 
    create table tenant_apartments (
        id bigint generated by default as identity,
        created_at timestamp(6) not null,
        lease_end_date timestamp(6),
        lease_start_date timestamp(6),
        status varchar(255) check (status in ('ACTIVE','INACTIVE','TERMINATED')),
        updated_at timestamp(6) not null,
        apartment_id bigint not null,
        tenant_id bigint not null,
        primary key (id)
    )
Hibernate: 
    create table updates (
        id uuid not null,
        body TEXT,
        category varchar(255),
        created_at timestamp(6),
        posted_by varchar(255),
        priority varchar(255),
        status varchar(255),
        title varchar(255) not null,
        primary key (id)
    )
Hibernate: 
    create table users (
        id bigint generated by default as identity,
        created_at timestamp(6) not null,
        email varchar(255) not null,
        email_verified boolean,
        first_name varchar(255) not null,
        flat_no varchar(255),
        is_active boolean,
        last_name varchar(255) not null,
        password varchar(255) not null,
        phone varchar(255),
        role varchar(255) not null check (role in ('ADMIN','TREASURER','OWNER','TENANT','GUEST')),
        token_expires_at timestamp(6),
        updated_at timestamp(6) not null,
        verification_token varchar(255),
        whatsapp_api_key varchar(255),
        primary key (id)
    )
Hibernate: 
    alter table if exists event_rsvps 
       drop constraint if exists UK4oikdne1lrx1lo5336wm8y6sw
Hibernate: 
    alter table if exists event_rsvps 
       add constraint UK4oikdne1lrx1lo5336wm8y6sw unique (event_id, user_id)
Hibernate: 
    alter table if exists flat_details 
       drop constraint if exists UK_p03ok9ekhow13kxs2imkysg5k
Hibernate: 
    alter table if exists flat_details 
       add constraint UK_p03ok9ekhow13kxs2imkysg5k unique (flat_no)
Hibernate: 
    alter table if exists maintenance_settings 
       drop constraint if exists UKhs1uc69p5g5lv6pk1r6jcnnu
Hibernate: 
    alter table if exists maintenance_settings 
       add constraint UKhs1uc69p5g5lv6pk1r6jcnnu unique (month, year)
Hibernate: 
    alter table if exists users 
       drop constraint if exists UK6dotkott2kjsp8vw4d0m25fb7
Hibernate: 
    alter table if exists users 
       add constraint UK6dotkott2kjsp8vw4d0m25fb7 unique (email)
Hibernate: 
    alter table if exists users 
       drop constraint if exists UKdu5v5sr43g5bfnji4vb8hg5s3
Hibernate: 
    alter table if exists users 
       add constraint UKdu5v5sr43g5bfnji4vb8hg5s3 unique (phone)
Hibernate: 
    alter table if exists apartments 
       add constraint FKk7g63xr64wwgqxylhoslh09t2 
       foreign key (owner_id) 
       references users
Hibernate: 
    alter table if exists event_contributions 
       add constraint FKgokkjdoaybx68il8ima3ws23e 
       foreign key (event_id) 
       references events
Hibernate: 
    alter table if exists event_contributions 
       add constraint FK5aotmchaxamwynafo4uvx5fty 
       foreign key (user_id) 
       references users
Hibernate: 
    alter table if exists event_rsvps 
       add constraint FK46d4781rhlidxpk7m9qg0eqsy 
       foreign key (event_id) 
       references events
Hibernate: 
    alter table if exists event_rsvps 
       add constraint FKe51sdypclsvg35oo2iscsxa3v 
       foreign key (user_id) 
       references users
Hibernate: 
    alter table if exists tenant_apartments 
       add constraint FKhjg8w0b9x6wp9g92p7g11cr5g 
       foreign key (apartment_id) 
       references apartments
Hibernate: 
    alter table if exists tenant_apartments 
       add constraint FKiusu4okov9hdth4o3jfc55rxb 
       foreign key (tenant_id) 
       references users
2026-05-24 22:25:59 - Initialized JPA EntityManagerFactory for persistence unit 'default'
2026-05-24 22:26:00 - Filter 'jwtAuthenticationFilter' configured for use
2026-05-24 22:26:00 - Hibernate is in classpath; If applicable, HQL parser will be used.
2026-05-24 22:26:01 - Will secure any request with [org.springframework.security.web.session.DisableEncodeUrlFilter@7f9083b4, org.springframework.security.web.context.request.async.WebAsyncManagerIntegrationFilter@40f40221, org.springframework.security.web.context.SecurityContextHolderFilter@771c4015, org.springframework.security.web.header.HeaderWriterFilter@527e6bd3, org.springframework.web.filter.CorsFilter@16441c13, org.springframework.security.web.authentication.logout.LogoutFilter@797a5b31, com.sritulasinivas.security.JwtAuthenticationFilter@77f66138, org.springframework.security.web.savedrequest.RequestCacheAwareFilter@60a3a0fa, org.springframework.security.web.servletapi.SecurityContextHolderAwareRequestFilter@17734113, org.springframework.security.web.authentication.AnonymousAuthenticationFilter@6d3b59e2, org.springframework.security.web.session.SessionManagementFilter@29cd48bd, org.springframework.security.web.access.ExceptionTranslationFilter@469caf69, org.springframework.security.web.access.intercept.AuthorizationFilter@72e4905c]
2026-05-24 22:26:02 - Tomcat started on port 8080 (http) with context path '/api'
2026-05-24 22:26:02 - Started SriTulasiNivasApplication in 8.053 seconds (process running for 8.664)
Hibernate: 
    select
        m1_0.id,
        m1_0.action_items,
        m1_0.action_owners,
        m1_0.agenda_points,
        m1_0.attendees,
        m1_0.created_at,
        m1_0.date,
        m1_0.immediate_notify,
        m1_0.mom_points,
        m1_0.notification_sent,
        m1_0.notify_type,
        m1_0.recipients,
        m1_0.reminder_option,
        m1_0.reminder_sent,
        m1_0.status,
        m1_0.time,
        m1_0.title,
        m1_0.venue 
    from
        meetings m1_0 
    where
        not(m1_0.reminder_sent) 
        and m1_0.status<>?
2026-05-24 22:26:45 - Initializing Spring DispatcherServlet 'dispatcherServlet'
2026-05-24 22:26:45 - Initializing Servlet 'dispatcherServlet'
2026-05-24 22:26:45 - Completed initialization in 0 ms
Hibernate: 
    select
        m1_0.id,
        m1_0.action_items,
        m1_0.action_owners,
        m1_0.agenda_points,
        m1_0.attendees,
        m1_0.created_at,
        m1_0.date,
        m1_0.immediate_notify,
        m1_0.mom_points,
        m1_0.notification_sent,
        m1_0.notify_type,
        m1_0.recipients,
        m1_0.reminder_option,
        m1_0.reminder_sent,
        m1_0.status,
        m1_0.time,
        m1_0.title,
        m1_0.venue 
    from
        meetings m1_0 
    where
        not(m1_0.reminder_sent) 
        and m1_0.status<>?
[INFO] ------------------------------------------------------------------------
[INFO] BUILD FAILURE
[INFO] ------------------------------------------------------------------------
[INFO] Total time:  01:58 min
[INFO] Finished at: 2026-05-24T22:27:44+05:30
[INFO] ------------------------------------------------------------------------
[ERROR] Failed to execute goal org.springframework.boot:spring-boot-maven-plugin:3.2.2:run (default-cli) on project apartment-management-system: Process terminated with exit code: 143 -> [Help 1]
[ERROR] 
[ERROR] To see the full stack trace of the errors, re-run Maven with the -e switch.
[ERROR] Re-run Maven using the -X switch to enable full debug logging.
[ERROR] 
[ERROR] For more information about the errors and possible solutions, please read the following articles:
[ERROR] [Help 1] http://cwiki.apache.org/confluence/display/MAVEN/MojoExecutionException
