[    1078ms] Uncaught (in promise) IntegrationError: Missing value for Stripe(): apiKey should be a string.
    at de (https://js.stripe.com/v3:0:268501)
    at pe (https://js.stripe.com/v3:0:268579)
    at Nb (https://js.stripe.com/v3:0:735246)
    at e (https://js.stripe.com/v3:0:738353)
    at qb (https://js.stripe.com/v3:0:802379)
    at <anonymous> (https://sritulasinivas.vercel.app/static/js/main.74a7da63.js:1:368272)
    at <anonymous> (https://sritulasinivas.vercel.app/static/js/main.74a7da63.js:1:368407)
[    1074ms] [ERROR] Failed to load resource: the server responded with a status of 401 () @ https://sritulasinivas.vercel.app/api/maintenance:0
[    1081ms] [ERROR] Failed to load resource: the server responded with a status of 401 () @ https://sritulasinivas.vercel.app/api/funds:0
[    1085ms] [ERROR] Failed to load resource: the server responded with a status of 401 () @ https://sritulasinivas.vercel.app/api/flat-details:0
[    1096ms] [ERROR] Failed to load resource: the server responded with a status of 401 () @ https://sritulasinivas.vercel.app/api/loans:0
[    1163ms] [VERBOSE] [DOM] Input elements should have autocomplete attributes (suggested: "current-password"): (More info: https://goo.gl/9p2vKq) %o @ https://sritulasinivas.vercel.app/auth:0
[    1502ms] Uncaught (in promise) IntegrationError: Missing value for Stripe(): apiKey should be a string.
    at de (https://js.stripe.com/v3:0:268501)
    at pe (https://js.stripe.com/v3:0:268579)
    at Nb (https://js.stripe.com/v3:0:735246)
    at e (https://js.stripe.com/v3:0:738353)
    at qb (https://js.stripe.com/v3:0:802379)
    at <anonymous> (https://sritulasinivas.vercel.app/static/js/main.74a7da63.js:1:368272)
    at <anonymous> (https://sritulasinivas.vercel.app/static/js/main.74a7da63.js:1:368407)
[    1544ms] [VERBOSE] [DOM] Input elements should have autocomplete attributes (suggested: "current-password"): (More info: https://goo.gl/9p2vKq) %o @ https://sritulasinivas.vercel.app/auth:0
